// Jest Snapshot v1, https://goo.gl/fbAQLP

exports[`La view de ProductList 1) Renderiza 1`] = `
<DocumentFragment>
  <button>
    Siguiente PÃ¡gina
  </button>
  <ol>
    <li>
      <h3>
        Samsung
      </h3>
      <p />
      <a
        href="https://www.mercadolibre.com.ar/samsung-galaxy-m12-5000-mah-dual-sim-128-gb-black-4-gb-ram/p/MLA18192280"
      >
        <img
          alt="Samsung"
          class=""
          decoding="async"
          src="http://http2.mlstatic.com/D_838903-MLA46771080799_072021-I.jpg"
        />
      </a>
    </li>
  </ol>
</DocumentFragment>
`;
